Program
  List
    FunctionDecl
      IdDecl ID="a"
        IntType
      List
      Block
        List
          IdDeclStmt
            IdDecl ID="x"
              IntType
          Assignment
            IdUse ID="x"
            Less
              Numeral NUMERAL="5"
              Add
                Numeral NUMERAL="4"
                Numeral NUMERAL="3"