Program
  List
    FunctionDecl
      IdDecl ID="a"
        IntType
      List
      Block
        List
          IdDeclStmt
            IdDecl ID="x"
              IntType
          Assignment
            IdUse ID="x"
            Mul
              Sub
                Numeral NUMERAL="3"
                Numeral NUMERAL="4"
              Numeral NUMERAL="5"