Program
  List
    FunctionDecl ID="a"
      List
      Block
        List
          IdDeclStmt
            IdDecl ID="x"
          Assignment
            IdUse ID="x"
            Add
              Add
                Numeral NUMERAL="5"
                Numeral NUMERAL="4"
              Numeral NUMERAL="3"