Program
  Let
    List
      Binding
        IdDecl ID="jonte"
        Numeral NUMERAL="1.0"
      Binding
        IdDecl ID="lucas"
        Numeral NUMERAL="2.0"
      Binding
        IdDecl ID="elias"
        Numeral NUMERAL="3.0"
      Binding
        IdDecl ID="keiwan"
        Numeral NUMERAL="4.0"
      Binding
        IdDecl ID="ivar"
        Numeral NUMERAL="5.0"
    Mul
      Mul
        Mul
          Mul
            IdUse ID="jonte"
            IdUse ID="lucas"
          IdUse ID="elias"
        IdUse ID="keiwan"
      IdUse ID="ivar"

