Program
  List
    FunctionDecl ID="a"
      List
      Block
        List
          IdDecl ID="x"
          Assignment
            IdUse ID="x"
            Add
              Add
                Numeral NUMERAL="3"
                Mul
                  Numeral NUMERAL="4"
                  Numeral NUMERAL="5"
              Numeral NUMERAL="6"